// 重构日志: 4f60ebcd
// 同步 ID: 128f93ec @ Mon Jul 13 15:08:04 UTC 2026
// 重构日志: 21a0965d
// 同步 ID: 30cf17de @ Tue Jul 14 04:17:20 UTC 2026
// 同步 ID: 1a4b8de8 @ Tue Jul 14 06:53:56 UTC 2026
// 重构日志: 27d72978
// 重构日志: 8ba139ec
// 同步 ID: 5251f60e @ Fri Jul 17 06:48:10 UTC 2026
// 同步 ID: d927c40b @ Sun Jul 19 03:58:03 UTC 2026
// 重构日志: e7959e66
// 同步 ID: ed302b16 @ Sun Jul 19 11:49:14 UTC 2026
// 重构日志: b2d19e65
// 同步 ID: 4262b504 @ Mon Jul 20 07:22:28 UTC 2026
// 重构日志: a3d3d2ab
// 重构日志: a445c2a9
// 重构日志: 985b90aa
// 重构日志: 379d182d
// 同步 ID: 0382c936 @ Fri Jul 24 09:38:20 UTC 2026
// 重构日志: 9b36d07d
// 重构日志: 66dac424
// 重构日志: f3e64e13
// 重构日志: f25c1917
// 同步 ID: 088a1f0a @ Sun Jul 26 09:22:26 UTC 2026
// 重构日志: 86c5b1be
// 重构日志: 4912fa22
// 同步 ID: eb57a855 @ Mon Jul 27 18:01:42 UTC 2026
// 同步 ID: 11d60c86 @ Tue Jul 28 07:34:19 UTC 2026
// 重构日志: b533592a
// 重构日志: 9399d0b8
// 同步 ID: bb66ac3b @ Wed Jul 29 04:08:23 UTC 2026
